HLS.S30.T21LYG.2022151T140101.v2.0 HLS.S30.T21LYG.2022153T135109.v2.0 HLS.S30.T21LYG.2022156T140059.v2.0 HLS.S30.T21LYG.2022158T134711.v2.0 HLS.L30.T21LYG.2023161T134351.v2.0 HLS.L30.T21LYG.2023162T133737.v2.0 HLS.L30.T21LYG.2023169T134345.v2.0 HLS.S30.T21LYG.2024178T134711.v2.0 HLS.S30.T21LYG.2024153T134709.v2.0 HLS.S30.T21LYG.2024151T135711.v2.0 HLS.S30.T21LYG.2024156T135709.v2.0 HLS.L30.T21LYG.2024180T134343.v2.0 HLS.S30.T21LYG.2024171T135711.v2.0 HLS.S30.T21LYG.2024158T134711.v2.0 HLS.S30.T21LYG.2024173T134709.v2.0 HLS.L30.T21LYG.2024164T134329.v2.0 HLS.L30.T21LYG.2024165T133730.v2.0 HLS.S30.T21LYG.2024176T135709.v2.0 HLS.S30.T21LYG.2023171T135709.v2.0 HLS.S30.T21LYG.2023173T134711.v2.0 HLS.S30.T21LYG.2023158T134709.v2.0 HLS.L30.T21LYG.2022175T133807.v2.0 HLS.S30.T21LYG.2023156T135711.v2.0 HLS.L30.T21LYG.2022151T133814.v2.0 HLS.L30.T21LYG.2022150T134357.v2.0 HLS.S30.T21LYG.2023153T134711.v2.0 HLS.S30.T21LYG.2023151T135709.v2.0 HLS.L30.T21LYG.2022167T133825.v2.0 HLS.S30.T21LYG.2024181T135711.v2.0 HLS.S30.T21LYG.2022166T135709.v2.0 HLS.S30.T21LYG.2022161T135711.v2.0 HLS.S30.T21LYG.2023176T135711.v2.0 HLS.S30.T21LYG.2022168T134721.v2.0 HLS.L30.T21LYG.2022174T134439.v2.0 HLS.L30.T21LYG.2023170T133743.v2.0 HLS.S30.T21LYG.2023178T134709.v2.0 HLS.L30.T21LYG.2023154T133734.v2.0 HLS.L30.T21LYG.2022159T133747.v2.0 HLS.L30.T21LYG.2023153T134353.v2.0 HLS.S30.T21LYG.2024168T134711.v2.0 HLS.S30.T21LYG.2024163T134709.v2.0 HLS.L30.T21LYG.2024172T134331.v2.0 HLS.S30.T21LYG.2024161T135711.v2.0 HLS.L30.T21LYG.2024156T134347.v2.0 HLS.S30.T21LYG.2024166T135709.v2.0 HLS.S30.T21LYG.2023166T135711.v2.0 HLS.L30.T21LYG.2024173T133728.v2.0 HLS.S30.T21LYG.2022178T134721.v2.0 HLS.L30.T21LYG.2022166T134403.v2.0 HLS.S30.T21LYG.2023163T134711.v2.0 HLS.S30.T21LYG.2023161T135709.v2.0 HLS.S30.T21LYG.2022173T134709.v2.0 HLS.S30.T21LYG.2022171T135721.v2.0 HLS.S30.T21LYG.2022176T135709.v2.0 HLS.L30.T21LYG.2024157T133720.v2.0 HLS.S30.T21LYG.2023168T134709.v2.0