DIST-ALERT_2022151T140101_S30_T21LYG_v1 DIST-ALERT_2022153T135109_S30_T21LYG_v1 DIST-ALERT_2024180T134343_L30_T21LYG_v1 DIST-ALERT_2022158T134711_S30_T21LYG_v1 DIST-ALERT_2023161T134351_L30_T21LYG_v1 DIST-ALERT_2023162T133737_L30_T21LYG_v1 DIST-ALERT_2023169T134345_L30_T21LYG_v1 DIST-ALERT_2024178T134711_S30_T21LYG_v1 DIST-ALERT_2024153T134709_S30_T21LYG_v1 DIST-ALERT_2024151T135711_S30_T21LYG_v1 DIST-ALERT_2024156T135709_S30_T21LYG_v1 DIST-ALERT_2022156T140059_S30_T21LYG_v1 DIST-ALERT_2024171T135711_S30_T21LYG_v1 DIST-ALERT_2024158T134711_S30_T21LYG_v1 DIST-ALERT_2024173T134709_S30_T21LYG_v1 DIST-ALERT_2024164T134329_L30_T21LYG_v1 DIST-ALERT_2024165T133730_L30_T21LYG_v1 DIST-ALERT_2024176T135709_S30_T21LYG_v1 DIST-ALERT_2023171T135709_S30_T21LYG_v1 DIST-ALERT_2023173T134711_S30_T21LYG_v1 DIST-ALERT_2023158T134709_S30_T21LYG_v1 DIST-ALERT_2022175T133807_L30_T21LYG_v1 DIST-ALERT_2023156T135711_S30_T21LYG_v1 DIST-ALERT_2022151T133814_L30_T21LYG_v1 DIST-ALERT_2022150T134357_L30_T21LYG_v1 DIST-ALERT_2023153T134711_S30_T21LYG_v1 DIST-ALERT_2023151T135709_S30_T21LYG_v1 DIST-ALERT_2022167T133825_L30_T21LYG_v1 DIST-ALERT_2024181T135711_S30_T21LYG_v1 DIST-ALERT_2022166T135709_S30_T21LYG_v1 DIST-ALERT_2022161T135711_S30_T21LYG_v1 DIST-ALERT_2023176T135711_S30_T21LYG_v1 DIST-ALERT_2022168T134721_S30_T21LYG_v1 DIST-ALERT_2022174T134439_L30_T21LYG_v1 DIST-ALERT_2023170T133743_L30_T21LYG_v1 DIST-ALERT_2023178T134709_S30_T21LYG_v1 DIST-ALERT_2023154T133734_L30_T21LYG_v1 DIST-ALERT_2022159T133747_L30_T21LYG_v1 DIST-ALERT_2023153T134353_L30_T21LYG_v1 DIST-ALERT_2024168T134711_S30_T21LYG_v1 DIST-ALERT_2024163T134709_S30_T21LYG_v1 DIST-ALERT_2024172T134331_L30_T21LYG_v1 DIST-ALERT_2024161T135711_S30_T21LYG_v1 DIST-ALERT_2024156T134347_L30_T21LYG_v1 DIST-ALERT_2024166T135709_S30_T21LYG_v1 DIST-ALERT_2023166T135711_S30_T21LYG_v1 DIST-ALERT_2024173T133728_L30_T21LYG_v1 DIST-ALERT_2022178T134721_S30_T21LYG_v1 DIST-ALERT_2022166T134403_L30_T21LYG_v1 DIST-ALERT_2023163T134711_S30_T21LYG_v1 DIST-ALERT_2023161T135709_S30_T21LYG_v1 DIST-ALERT_2022173T134709_S30_T21LYG_v1 DIST-ALERT_2022171T135721_S30_T21LYG_v1 DIST-ALERT_2022176T135709_S30_T21LYG_v1 DIST-ALERT_2024157T133720_L30_T21LYG_v1 DIST-ALERT_2023168T134709_S30_T21LYG_v1

